---
source: adaptive_cards_renderer/tests/snapshot_tests.rs
expression: card
input_file: adaptive_cards_renderer/tests/snapshot_inputs/table_fat_grid.card.json
---
{
  "$schema": "../../../../adaptive_cards_data/schema/adaptive-card.schema.json",
  "body": [
    {
      "type": "Table",
      "columns": [
        {},
        {
          "width": {
            "Number": 2.0
          }
        },
        {
          "width": {
            "String": "50px"
          }
        }
      ],
      "gridStyle": "accent",
      "rows": [
        {
          "cells": [
            {
              "items": [
                {
                  "type": "TextBlock",
                  "text": "Narrow",
                  "wrap": true,
                  ".layout": {
                    "rect": {
                      "x": 29,
                      "y": 29,
                      "width": 85,
                      "height": 18
                    },
                    "placement": "SoleVertical"
                  }
                }
              ],
              "type": "TableCell",
              ".layout": {
                "rect": {
                  "x": 21,
                  "y": 21,
                  "width": 101,
                  "height": 34
                },
                "placement": "Left"
              }
            },
            {
              "items": [
                {
                  "type": "TextBlock",
                  "text": "Wide",
                  "wrap": true,
                  ".layout": {
                    "rect": {
                      "x": 134,
                      "y": 29,
                      "width": 183,
                      "height": 18
                    },
                    "placement": "SoleVertical"
                  }
                }
              ],
              "style": "accent",
              "type": "TableCell",
              ".layout": {
                "rect": {
                  "x": 126,
                  "y": 21,
                  "width": 199,
                  "height": 34
                },
                "placement": "WithinHorizontal"
              }
            },
            {
              "items": [
                {
                  "type": "TextBlock",
                  "text": "A",
                  "wrap": true,
                  ".layout": {
                    "rect": {
                      "x": 337,
                      "y": 29,
                      "width": 34,
                      "height": 18
                    },
                    "placement": "SoleVertical"
                  }
                }
              ],
              "type": "TableCell",
              ".layout": {
                "rect": {
                  "x": 329,
                  "y": 21,
                  "width": 50,
                  "height": 34
                },
                "placement": "Right"
              }
            }
          ],
          "type": "TableRow",
          ".layout": {
            "rect": {
              "x": 21,
              "y": 21,
              "width": 358,
              "height": 34
            },
            "placement": "Top"
          }
        },
        {
          "cells": [
            {
              "items": [
                {
                  "type": "TextBlock",
                  "text": "Narrow 2",
                  "wrap": true,
                  ".layout": {
                    "rect": {
                      "x": 29,
                      "y": 68,
                      "width": 85,
                      "height": 18
                    },
                    "placement": "SoleVertical"
                  }
                }
              ],
              "type": "TableCell",
              ".layout": {
                "rect": {
                  "x": 21,
                  "y": 60,
                  "width": 101,
                  "height": 52
                },
                "placement": "Left"
              }
            },
            {
              "items": [
                {
                  "type": "TextBlock",
                  "text": "Wide 2",
                  "wrap": true,
                  ".layout": {
                    "rect": {
                      "x": 134,
                      "y": 68,
                      "width": 183,
                      "height": 18
                    },
                    "placement": "SoleVertical"
                  }
                }
              ],
              "style": "accent",
              "type": "TableCell",
              ".layout": {
                "rect": {
                  "x": 126,
                  "y": 60,
                  "width": 199,
                  "height": 52
                },
                "placement": "WithinHorizontal"
              }
            },
            {
              "items": [
                {
                  "type": "TextBlock",
                  "text": "Fixed 2",
                  "wrap": true,
                  ".layout": {
                    "rect": {
                      "x": 337,
                      "y": 68,
                      "width": 34,
                      "height": 36
                    },
                    "placement": "SoleVertical"
                  }
                }
              ],
              "style": "accent",
              "type": "TableCell",
              ".layout": {
                "rect": {
                  "x": 329,
                  "y": 60,
                  "width": 50,
                  "height": 52
                },
                "placement": "Right"
              }
            }
          ],
          "type": "TableRow",
          ".layout": {
            "rect": {
              "x": 21,
              "y": 60,
              "width": 358,
              "height": 52
            },
            "placement": "WithinVertical"
          }
        },
        {
          "cells": [
            {
              "items": [
                {
                  "type": "TextBlock",
                  "text": "Narrow 3",
                  "wrap": true,
                  ".layout": {
                    "rect": {
                      "x": 29,
                      "y": 125,
                      "width": 85,
                      "height": 18
                    },
                    "placement": "SoleVertical"
                  }
                }
              ],
              "type": "TableCell",
              ".layout": {
                "rect": {
                  "x": 21,
                  "y": 117,
                  "width": 101,
                  "height": 52
                },
                "placement": "Left"
              }
            },
            {
              "items": [
                {
                  "type": "TextBlock",
                  "text": "Wide 3",
                  "wrap": true,
                  ".layout": {
                    "rect": {
                      "x": 134,
                      "y": 125,
                      "width": 183,
                      "height": 18
                    },
                    "placement": "SoleVertical"
                  }
                }
              ],
              "type": "TableCell",
              ".layout": {
                "rect": {
                  "x": 126,
                  "y": 117,
                  "width": 199,
                  "height": 52
                },
                "placement": "WithinHorizontal"
              }
            },
            {
              "items": [
                {
                  "type": "TextBlock",
                  "text": "Fixed 3",
                  "wrap": true,
                  ".layout": {
                    "rect": {
                      "x": 337,
                      "y": 125,
                      "width": 34,
                      "height": 36
                    },
                    "placement": "SoleVertical"
                  }
                }
              ],
              "type": "TableCell",
              ".layout": {
                "rect": {
                  "x": 329,
                  "y": 117,
                  "width": 50,
                  "height": 52
                },
                "placement": "Right"
              }
            }
          ],
          "style": "accent",
          "type": "TableRow",
          ".layout": {
            "rect": {
              "x": 21,
              "y": 117,
              "width": 358,
              "height": 52
            },
            "placement": "Bottom"
          }
        }
      ],
      ".layout": {
        "rect": {
          "x": 16,
          "y": 16,
          "width": 368,
          "height": 158
        },
        "placement": "SoleVertical"
      }
    }
  ],
  "version": "1.6",
  "type": "AdaptiveCard",
  ".layout": {
    "rect": {
      "x": 0,
      "y": 0,
      "width": 400,
      "height": 200
    }
  }
}
