---
source: adaptive_cards_renderer/tests/snapshot_tests.rs
expression: card
input_file: adaptive_cards_renderer/tests/snapshot_inputs/padding.card.json
---
{
  "$schema": "../../../../adaptive_cards_data/schema/adaptive-card.schema.json",
  "body": [
    {
      "type": "TextBlock",
      "text": "Blah Blah",
      "wrap": true,
      ".layout": {
        "rect": {
          "x": 16,
          "y": 16,
          "width": 368,
          "height": 11
        },
        "placement": "Top"
      }
    },
    {
      "type": "Container",
      "items": [
        {
          "type": "TextBlock",
          "text": "Blah Blah",
          "wrap": true,
          ".layout": {
            "rect": {
              "x": 33,
              "y": 56,
              "width": 334,
              "height": 11
            },
            "placement": "Top"
          }
        },
        {
          "type": "TextBlock",
          "text": "Blah Blah",
          "wrap": true,
          ".layout": {
            "rect": {
              "x": 33,
              "y": 79,
              "width": 334,
              "height": 11
            },
            "placement": "Bottom"
          }
        }
      ],
      "style": "good",
      ".layout": {
        "rect": {
          "x": 16,
          "y": 39,
          "width": 368,
          "height": 68
        },
        "placement": "WithinVertical"
      }
    },
    {
      "type": "Container",
      "items": [
        {
          "type": "TextBlock",
          "text": "Blah Blah",
          "wrap": true,
          ".layout": {
            "rect": {
              "x": 16,
              "y": 119,
              "width": 368,
              "height": 11
            },
            "placement": "Top"
          }
        },
        {
          "type": "TextBlock",
          "text": "Blah Blah",
          "wrap": true,
          ".layout": {
            "rect": {
              "x": 16,
              "y": 142,
              "width": 368,
              "height": 11
            },
            "placement": "Bottom"
          }
        }
      ],
      ".layout": {
        "rect": {
          "x": 16,
          "y": 119,
          "width": 368,
          "height": 34
        },
        "placement": "WithinVertical"
      }
    },
    {
      "type": "ColumnSet",
      "columns": [
        {
          "items": [
            {
              "type": "TextBlock",
              "text": "Blah Blah",
              "wrap": true,
              ".layout": {
                "rect": {
                  "x": 16,
                  "y": 165,
                  "width": 178,
                  "height": 11
                },
                "placement": "SoleVertical"
              }
            }
          ],
          "width": {
            "BlockElementWidth": "stretch"
          },
          "type": "Column",
          ".layout": {
            "rect": {
              "x": 16,
              "y": 165,
              "width": 178,
              "height": 11
            },
            "placement": "Left"
          }
        },
        {
          "items": [
            {
              "type": "TextBlock",
              "text": "Blah Blah",
              "wrap": true,
              ".layout": {
                "rect": {
                  "x": 206,
                  "y": 165,
                  "width": 178,
                  "height": 11
                },
                "placement": "SoleVertical"
              }
            }
          ],
          "width": {
            "BlockElementWidth": "stretch"
          },
          "type": "Column",
          ".layout": {
            "rect": {
              "x": 206,
              "y": 165,
              "width": 178,
              "height": 11
            },
            "placement": "Right"
          }
        }
      ],
      ".layout": {
        "rect": {
          "x": 16,
          "y": 165,
          "width": 368,
          "height": 11
        },
        "placement": "WithinVertical"
      }
    },
    {
      "type": "ColumnSet",
      "columns": [
        {
          "items": [
            {
              "type": "TextBlock",
              "text": "Blah Blah",
              "wrap": true,
              ".layout": {
                "rect": {
                  "x": 33,
                  "y": 205,
                  "width": 161,
                  "height": 11
                },
                "placement": "SoleVertical"
              }
            }
          ],
          "width": {
            "BlockElementWidth": "stretch"
          },
          "type": "Column",
          ".layout": {
            "rect": {
              "x": 33,
              "y": 205,
              "width": 161,
              "height": 11
            },
            "placement": "Left"
          }
        },
        {
          "items": [
            {
              "type": "TextBlock",
              "text": "Blah Blah",
              "wrap": true,
              ".layout": {
                "rect": {
                  "x": 206,
                  "y": 205,
                  "width": 161,
                  "height": 11
                },
                "placement": "SoleVertical"
              }
            }
          ],
          "width": {
            "BlockElementWidth": "stretch"
          },
          "type": "Column",
          ".layout": {
            "rect": {
              "x": 206,
              "y": 205,
              "width": 161,
              "height": 11
            },
            "placement": "Right"
          }
        }
      ],
      "style": "good",
      ".layout": {
        "rect": {
          "x": 16,
          "y": 188,
          "width": 368,
          "height": 45
        },
        "placement": "WithinVertical"
      }
    },
    {
      "type": "ColumnSet",
      "columns": [
        {
          "items": [
            {
              "type": "TextBlock",
              "text": "Blah Blah",
              "wrap": true,
              ".layout": {
                "rect": {
                  "x": 16,
                  "y": 245,
                  "width": 178,
                  "height": 11
                },
                "placement": "SoleVertical"
              }
            }
          ],
          "width": {
            "BlockElementWidth": "stretch"
          },
          "type": "Column",
          ".layout": {
            "rect": {
              "x": 16,
              "y": 245,
              "width": 178,
              "height": 45
            },
            "placement": "Left"
          }
        },
        {
          "items": [
            {
              "type": "TextBlock",
              "text": "Blah Blah",
              "wrap": true,
              ".layout": {
                "rect": {
                  "x": 223,
                  "y": 262,
                  "width": 144,
                  "height": 11
                },
                "placement": "SoleVertical"
              }
            }
          ],
          "style": "good",
          "width": {
            "BlockElementWidth": "stretch"
          },
          "type": "Column",
          ".layout": {
            "rect": {
              "x": 206,
              "y": 245,
              "width": 178,
              "height": 45
            },
            "placement": "Right"
          }
        }
      ],
      ".layout": {
        "rect": {
          "x": 16,
          "y": 245,
          "width": 368,
          "height": 45
        },
        "placement": "Bottom"
      }
    }
  ],
  "version": "1.5",
  "type": "AdaptiveCard",
  ".layout": {
    "rect": {
      "x": 0,
      "y": 0,
      "width": 400,
      "height": 350
    }
  }
}
