---
source: adaptive_cards_renderer/tests/snapshot_tests.rs
expression: card
input_file: adaptive_cards_renderer/tests/snapshot_inputs/container_single_item_bleed.card.json
---
{
  "$schema": "../../../../adaptive_cards_data/schema/adaptive-card.schema.json",
  "body": [
    {
      "type": "Container",
      "bleed": true,
      "height": "stretch",
      "items": [
        {
          "type": "TextBlock",
          "text": "1",
          ".layout": {
            "rect": {
              "x": 17,
              "y": 17,
              "width": 116,
              "height": 10
            },
            "placement": "SoleVertical"
          }
        }
      ],
      "style": "accent",
      ".layout": {
        "rect": {
          "x": 0,
          "y": 0,
          "width": 150,
          "height": 150
        },
        "placement": "SoleVertical"
      }
    }
  ],
  "version": "1.5",
  "type": "AdaptiveCard",
  ".layout": {
    "rect": {
      "x": 0,
      "y": 0,
      "width": 150,
      "height": 150
    }
  }
}
