---
source: adaptive_cards_renderer/tests/snapshot_tests.rs
expression: snapshot
input_file: adaptive_cards_renderer/tests/snapshot_inputs/container_mixed_heights.card.json
---
{
  "card": {
    "$schema": "../../../../adaptive_cards_data/schema/adaptive-card.schema.json",
    "body": [
      {
        "type": "Container",
        "items": [
          {
            "type": "TextBlock",
            "text": "1",
            ".layout": {
              "rect": {
                "x": 33,
                "y": 33,
                "width": 84,
                "height": 18
              },
              "placement": "SoleVertical"
            }
          }
        ],
        "style": "accent",
        ".layout": {
          "rect": {
            "x": 16,
            "y": 16,
            "width": 118,
            "height": 52
          },
          "placement": "Top"
        }
      },
      {
        "type": "Container",
        "height": "stretch",
        "items": [
          {
            "type": "TextBlock",
            "text": "2",
            ".layout": {
              "rect": {
                "x": 33,
                "y": 97,
                "width": 84,
                "height": 18
              },
              "placement": "SoleVertical"
            }
          }
        ],
        "style": "accent",
        ".layout": {
          "rect": {
            "x": 16,
            "y": 80,
            "width": 118,
            "height": 123
          },
          "placement": "WithinVertical"
        }
      },
      {
        "type": "Container",
        "height": "stretch",
        "items": [
          {
            "type": "TextBlock",
            "text": "3",
            ".layout": {
              "rect": {
                "x": 33,
                "y": 232,
                "width": 84,
                "height": 18
              },
              "placement": "SoleVertical"
            }
          }
        ],
        "style": "accent",
        ".layout": {
          "rect": {
            "x": 16,
            "y": 215,
            "width": 118,
            "height": 122
          },
          "placement": "WithinVertical"
        }
      },
      {
        "type": "Container",
        "height": "stretch",
        "items": [
          {
            "type": "TextBlock",
            "text": "4",
            ".layout": {
              "rect": {
                "x": 33,
                "y": 366,
                "width": 84,
                "height": 18
              },
              "placement": "SoleVertical"
            }
          }
        ],
        "minHeight": "300px",
        "style": "accent",
        ".layout": {
          "rect": {
            "x": 16,
            "y": 349,
            "width": 118,
            "height": 371
          },
          "placement": "WithinVertical"
        }
      },
      {
        "type": "Container",
        "items": [
          {
            "type": "TextBlock",
            "text": "5",
            ".layout": {
              "rect": {
                "x": 33,
                "y": 749,
                "width": 84,
                "height": 18
              },
              "placement": "SoleVertical"
            }
          }
        ],
        "style": "accent",
        ".layout": {
          "rect": {
            "x": 16,
            "y": 732,
            "width": 118,
            "height": 52
          },
          "placement": "Bottom"
        }
      }
    ],
    "version": "1.5",
    "type": "AdaptiveCard",
    ".layout": {
      "rect": {
        "x": 0,
        "y": 0,
        "width": 150,
        "height": 800
      }
    }
  },
  "debug_lines": [
    "TREE",
    "└──  FLEX COL [x: 0    y: 0    w: 150  h: 800  content_w: 134  content_h: 784  border: l:0 r:0 t:0 b:0, padding: l:16 r:16 t:16 b:16] (NodeId(4294967311))",
    "    ├──  FLEX COL [x: 16   y: 16   w: 118  h: 52   content_w: 101  content_h: 35   border: l:0 r:0 t:0 b:0, padding: l:17 r:17 t:17 b:17] (NodeId(4294967298))",
    "    │   └──  LEAF [x: 17   y: 17   w: 84   h: 18   content_w: 8    content_h: 18   border: l:0 r:0 t:0 b:0, padding: l:0 r:0 t:0 b:0] (NodeId(4294967297))",
    "    ├──  LEAF [x: 16   y: 68   w: 118  h: 12   content_w: 0    content_h: 0    border: l:0 r:0 t:0 b:0, padding: l:0 r:0 t:0 b:0] (NodeId(4294967299))",
    "    ├──  FLEX COL [x: 16   y: 80   w: 118  h: 123  content_w: 101  content_h: 35   border: l:0 r:0 t:0 b:0, padding: l:17 r:17 t:17 b:17] (NodeId(4294967301))",
    "    │   └──  LEAF [x: 17   y: 17   w: 84   h: 18   content_w: 8    content_h: 18   border: l:0 r:0 t:0 b:0, padding: l:0 r:0 t:0 b:0] (NodeId(4294967300))",
    "    ├──  LEAF [x: 16   y: 203  w: 118  h: 12   content_w: 0    content_h: 0    border: l:0 r:0 t:0 b:0, padding: l:0 r:0 t:0 b:0] (NodeId(4294967302))",
    "    ├──  FLEX COL [x: 16   y: 215  w: 118  h: 122  content_w: 101  content_h: 35   border: l:0 r:0 t:0 b:0, padding: l:17 r:17 t:17 b:17] (NodeId(4294967304))",
    "    │   └──  LEAF [x: 17   y: 17   w: 84   h: 18   content_w: 8    content_h: 18   border: l:0 r:0 t:0 b:0, padding: l:0 r:0 t:0 b:0] (NodeId(4294967303))",
    "    ├──  LEAF [x: 16   y: 337  w: 118  h: 12   content_w: 0    content_h: 0    border: l:0 r:0 t:0 b:0, padding: l:0 r:0 t:0 b:0] (NodeId(4294967305))",
    "    ├──  FLEX COL [x: 16   y: 349  w: 118  h: 371  content_w: 101  content_h: 35   border: l:0 r:0 t:0 b:0, padding: l:17 r:17 t:17 b:17] (NodeId(4294967307))",
    "    │   └──  LEAF [x: 17   y: 17   w: 84   h: 18   content_w: 8    content_h: 18   border: l:0 r:0 t:0 b:0, padding: l:0 r:0 t:0 b:0] (NodeId(4294967306))",
    "    ├──  LEAF [x: 16   y: 720  w: 118  h: 12   content_w: 0    content_h: 0    border: l:0 r:0 t:0 b:0, padding: l:0 r:0 t:0 b:0] (NodeId(4294967308))",
    "    └──  FLEX COL [x: 16   y: 732  w: 118  h: 52   content_w: 101  content_h: 35   border: l:0 r:0 t:0 b:0, padding: l:17 r:17 t:17 b:17] (NodeId(4294967310))",
    "        └──  LEAF [x: 17   y: 17   w: 84   h: 18   content_w: 8    content_h: 18   border: l:0 r:0 t:0 b:0, padding: l:0 r:0 t:0 b:0] (NodeId(4294967309))"
  ]
}
