---
source: adaptive_cards_renderer/tests/snapshot_tests.rs
expression: card
input_file: adaptive_cards_renderer/tests/snapshot_inputs/horizontal_alignment.card.json
---
{
  "$schema": "../../../../adaptive_cards_data/schema/adaptive-card.schema.json",
  "body": [
    {
      "type": "Container",
      "horizontalAlignment": "center",
      "items": [
        {
          "type": "TextBlock",
          "text": "Center",
          "wrap": true,
          ".layout": {
            "rect": {
              "x": 33,
              "y": 33,
              "width": 334,
              "height": 10
            },
            "placement": "Top"
          }
        },
        {
          "type": "TextBlock",
          "text": "Center",
          "wrap": true,
          ".layout": {
            "rect": {
              "x": 33,
              "y": 55,
              "width": 334,
              "height": 10
            },
            "placement": "WithinVertical"
          }
        },
        {
          "type": "ColumnSet",
          "columns": [
            {
              "width": {
                "BlockElementWidth": "stretch"
              },
              "type": "Column",
              ".layout": {
                "rect": {
                  "x": 33,
                  "y": 77,
                  "width": 161,
                  "height": 10
                },
                "placement": "Left"
              }
            },
            {
              "items": [
                {
                  "type": "TextBlock",
                  "text": "Center",
                  "wrap": true,
                  ".layout": {
                    "rect": {
                      "x": 206,
                      "y": 77,
                      "width": 161,
                      "height": 10
                    },
                    "placement": "SoleVertical"
                  }
                }
              ],
              "width": {
                "BlockElementWidth": "stretch"
              },
              "type": "Column",
              ".layout": {
                "rect": {
                  "x": 206,
                  "y": 77,
                  "width": 161,
                  "height": 10
                },
                "placement": "Right"
              }
            }
          ],
          ".layout": {
            "rect": {
              "x": 33,
              "y": 77,
              "width": 334,
              "height": 10
            },
            "placement": "Bottom"
          }
        }
      ],
      "style": "good",
      ".layout": {
        "rect": {
          "x": 16,
          "y": 16,
          "width": 368,
          "height": 88
        },
        "placement": "Top"
      }
    },
    {
      "type": "Container",
      "items": [
        {
          "type": "TextBlock",
          "text": "Right",
          "wrap": true,
          ".layout": {
            "rect": {
              "x": 33,
              "y": 133,
              "width": 334,
              "height": 14
            },
            "placement": "Top"
          }
        },
        {
          "type": "TextBlock",
          "text": "Right",
          "wrap": true,
          ".layout": {
            "rect": {
              "x": 33,
              "y": 159,
              "width": 334,
              "height": 14
            },
            "placement": "WithinVertical"
          }
        },
        {
          "type": "ColumnSet",
          "columns": [
            {
              "items": [
                {
                  "type": "TextBlock",
                  "text": "Right",
                  "wrap": true,
                  ".layout": {
                    "rect": {
                      "x": 33,
                      "y": 185,
                      "width": 161,
                      "height": 14
                    },
                    "placement": "SoleVertical"
                  }
                }
              ],
              "width": {
                "BlockElementWidth": "stretch"
              },
              "type": "Column",
              ".layout": {
                "rect": {
                  "x": 33,
                  "y": 185,
                  "width": 161,
                  "height": 14
                },
                "placement": "Left"
              }
            },
            {
              "items": [
                {
                  "type": "TextBlock",
                  "text": "Right",
                  "wrap": true,
                  ".layout": {
                    "rect": {
                      "x": 206,
                      "y": 185,
                      "width": 161,
                      "height": 14
                    },
                    "placement": "SoleVertical"
                  }
                }
              ],
              "width": {
                "BlockElementWidth": "stretch"
              },
              "type": "Column",
              ".layout": {
                "rect": {
                  "x": 206,
                  "y": 185,
                  "width": 161,
                  "height": 14
                },
                "placement": "Right"
              }
            }
          ],
          ".layout": {
            "rect": {
              "x": 33,
              "y": 185,
              "width": 334,
              "height": 14
            },
            "placement": "Bottom"
          }
        }
      ],
      "style": "good",
      ".layout": {
        "rect": {
          "x": 16,
          "y": 116,
          "width": 368,
          "height": 100
        },
        "placement": "WithinVertical"
      }
    },
    {
      "type": "ColumnSet",
      "columns": [
        {
          "items": [
            {
              "type": "TextBlock",
              "text": "Center",
              "wrap": true,
              ".layout": {
                "rect": {
                  "x": 33,
                  "y": 245,
                  "width": 161,
                  "height": 10
                },
                "placement": "SoleVertical"
              }
            }
          ],
          "width": {
            "BlockElementWidth": "stretch"
          },
          "type": "Column",
          ".layout": {
            "rect": {
              "x": 33,
              "y": 245,
              "width": 161,
              "height": 10
            },
            "placement": "Left"
          }
        },
        {
          "items": [
            {
              "type": "TextBlock",
              "text": "Center",
              "wrap": true,
              ".layout": {
                "rect": {
                  "x": 206,
                  "y": 245,
                  "width": 161,
                  "height": 10
                },
                "placement": "SoleVertical"
              }
            }
          ],
          "width": {
            "BlockElementWidth": "stretch"
          },
          "type": "Column",
          ".layout": {
            "rect": {
              "x": 206,
              "y": 245,
              "width": 161,
              "height": 10
            },
            "placement": "Right"
          }
        }
      ],
      "horizontalAlignment": "center",
      "style": "good",
      ".layout": {
        "rect": {
          "x": 16,
          "y": 228,
          "width": 368,
          "height": 44
        },
        "placement": "Bottom"
      }
    }
  ],
  "horizontalAlignment": "right",
  "version": "1.6",
  "type": "AdaptiveCard",
  ".layout": {
    "rect": {
      "x": 0,
      "y": 0,
      "width": 400,
      "height": 400
    }
  }
}
