---
source: adaptive_cards_renderer/tests/snapshot_tests.rs
expression: card
input_file: adaptive_cards_renderer/tests/snapshot_inputs/column_set_vertical_separator.card.json
---
{
  "$schema": "../../../../adaptive_cards_data/schema/adaptive-card.schema.json",
  "body": [
    {
      "type": "ColumnSet",
      "columns": [
        {
          "items": [
            {
              "type": "TextBlock",
              "text": "1",
              ".layout": {
                "rect": {
                  "x": 33,
                  "y": 33,
                  "width": 8,
                  "height": 18
                },
                "placement": "SoleVertical"
              }
            }
          ],
          "separator": true,
          "style": "accent",
          "type": "Column",
          ".layout": {
            "rect": {
              "x": 16,
              "y": 16,
              "width": 42,
              "height": 52
            },
            "placement": "Left"
          }
        },
        {
          "items": [
            {
              "type": "TextBlock",
              "text": "2",
              ".layout": {
                "rect": {
                  "x": 87,
                  "y": 33,
                  "width": 8,
                  "height": 18
                },
                "placement": "SoleVertical"
              }
            }
          ],
          "separator": false,
          "style": "accent",
          "type": "Column",
          ".layout": {
            "rect": {
              "x": 70,
              "y": 16,
              "width": 42,
              "height": 52
            },
            "placement": "WithinHorizontal"
          }
        },
        {
          "items": [
            {
              "type": "TextBlock",
              "text": "Slipway 3",
              ".layout": {
                "rect": {
                  "x": 142,
                  "y": 33,
                  "width": 225,
                  "height": 18
                },
                "placement": "SoleVertical"
              }
            }
          ],
          "separator": true,
          "style": "accent",
          "width": {
            "BlockElementWidth": "stretch"
          },
          "type": "Column",
          ".layout": {
            "rect": {
              "x": 125,
              "y": 16,
              "width": 259,
              "height": 52
            },
            "placement": "Right"
          }
        }
      ],
      ".layout": {
        "rect": {
          "x": 16,
          "y": 16,
          "width": 368,
          "height": 52
        },
        "placement": "SoleVertical"
      }
    }
  ],
  "version": "1.5",
  "type": "AdaptiveCard",
  ".layout": {
    "rect": {
      "x": 0,
      "y": 0,
      "width": 400,
      "height": 100
    }
  }
}
